Archive member included to satisfy reference by file (symbol)

/usr/lib/gcc/arm-none-eabi/14.2.1/../../../arm-none-eabi/lib/thumb/v7-m/nofp/libc_nano.a(libc_a-fini.o)
                              /usr/lib/gcc/arm-none-eabi/14.2.1/../../../arm-none-eabi/lib/thumb/v7-m/nofp/crt0.o (__libc_fini_array)
/usr/lib/gcc/arm-none-eabi/14.2.1/../../../arm-none-eabi/lib/thumb/v7-m/nofp/libc_nano.a(libc_a-memset.o)
                              /usr/lib/gcc/arm-none-eabi/14.2.1/../../../arm-none-eabi/lib/thumb/v7-m/nofp/crt0.o (memset)
/usr/lib/gcc/arm-none-eabi/14.2.1/../../../arm-none-eabi/lib/thumb/v7-m/nofp/libc_nano.a(libc_a-exit.o)
                              /usr/lib/gcc/arm-none-eabi/14.2.1/../../../arm-none-eabi/lib/thumb/v7-m/nofp/crt0.o (exit)
/usr/lib/gcc/arm-none-eabi/14.2.1/../../../arm-none-eabi/lib/thumb/v7-m/nofp/libc_nano.a(libc_a-atexit.o)
                              /usr/lib/gcc/arm-none-eabi/14.2.1/../../../arm-none-eabi/lib/thumb/v7-m/nofp/crt0.o (atexit)
/usr/lib/gcc/arm-none-eabi/14.2.1/../../../arm-none-eabi/lib/thumb/v7-m/nofp/libc_nano.a(libc_a-init.o)
                              /usr/lib/gcc/arm-none-eabi/14.2.1/../../../arm-none-eabi/lib/thumb/v7-m/nofp/crt0.o (__libc_init_array)
/usr/lib/gcc/arm-none-eabi/14.2.1/../../../arm-none-eabi/lib/thumb/v7-m/nofp/libc_nano.a(libc_a-findfp.o)
                              /usr/lib/gcc/arm-none-eabi/14.2.1/../../../arm-none-eabi/lib/thumb/v7-m/nofp/libc_nano.a(libc_a-exit.o) (__stdio_exit_handler)
/usr/lib/gcc/arm-none-eabi/14.2.1/../../../arm-none-eabi/lib/thumb/v7-m/nofp/libc_nano.a(libc_a-fflush.o)
                              /usr/lib/gcc/arm-none-eabi/14.2.1/../../../arm-none-eabi/lib/thumb/v7-m/nofp/libc_nano.a(libc_a-findfp.o) (_fflush_r)
/usr/lib/gcc/arm-none-eabi/14.2.1/../../../arm-none-eabi/lib/thumb/v7-m/nofp/libc_nano.a(libc_a-fwalk.o)
                              /usr/lib/gcc/arm-none-eabi/14.2.1/../../../arm-none-eabi/lib/thumb/v7-m/nofp/libc_nano.a(libc_a-findfp.o) (_fwalk_sglue)
/usr/lib/gcc/arm-none-eabi/14.2.1/../../../arm-none-eabi/lib/thumb/v7-m/nofp/libc_nano.a(libc_a-stdio.o)
                              /usr/lib/gcc/arm-none-eabi/14.2.1/../../../arm-none-eabi/lib/thumb/v7-m/nofp/libc_nano.a(libc_a-findfp.o) (__sread)
/usr/lib/gcc/arm-none-eabi/14.2.1/../../../arm-none-eabi/lib/thumb/v7-m/nofp/libc_nano.a(libc_a-mallocr.o)
                              /usr/lib/gcc/arm-none-eabi/14.2.1/../../../arm-none-eabi/lib/thumb/v7-m/nofp/libc_nano.a(libc_a-findfp.o) (_malloc_r)
/usr/lib/gcc/arm-none-eabi/14.2.1/../../../arm-none-eabi/lib/thumb/v7-m/nofp/libc_nano.a(libc_a-readr.o)
                              /usr/lib/gcc/arm-none-eabi/14.2.1/../../../arm-none-eabi/lib/thumb/v7-m/nofp/libc_nano.a(libc_a-stdio.o) (_read_r)
/usr/lib/gcc/arm-none-eabi/14.2.1/../../../arm-none-eabi/lib/thumb/v7-m/nofp/libc_nano.a(libc_a-freer.o)
                              /usr/lib/gcc/arm-none-eabi/14.2.1/../../../arm-none-eabi/lib/thumb/v7-m/nofp/libc_nano.a(libc_a-fflush.o) (_free_r)
/usr/lib/gcc/arm-none-eabi/14.2.1/../../../arm-none-eabi/lib/thumb/v7-m/nofp/libc_nano.a(libc_a-closer.o)
                              /usr/lib/gcc/arm-none-eabi/14.2.1/../../../arm-none-eabi/lib/thumb/v7-m/nofp/libc_nano.a(libc_a-stdio.o) (_close_r)
/usr/lib/gcc/arm-none-eabi/14.2.1/../../../arm-none-eabi/lib/thumb/v7-m/nofp/libc_nano.a(libc_a-lseekr.o)
                              /usr/lib/gcc/arm-none-eabi/14.2.1/../../../arm-none-eabi/lib/thumb/v7-m/nofp/libc_nano.a(libc_a-stdio.o) (_lseek_r)
/usr/lib/gcc/arm-none-eabi/14.2.1/../../../arm-none-eabi/lib/thumb/v7-m/nofp/libc_nano.a(libc_a-__atexit.o)
                              /usr/lib/gcc/arm-none-eabi/14.2.1/../../../arm-none-eabi/lib/thumb/v7-m/nofp/libc_nano.a(libc_a-atexit.o) (__register_exitproc)
/usr/lib/gcc/arm-none-eabi/14.2.1/../../../arm-none-eabi/lib/thumb/v7-m/nofp/libc_nano.a(libc_a-reent.o)
                              /usr/lib/gcc/arm-none-eabi/14.2.1/../../../arm-none-eabi/lib/thumb/v7-m/nofp/libc_nano.a(libc_a-readr.o) (errno)
/usr/lib/gcc/arm-none-eabi/14.2.1/../../../arm-none-eabi/lib/thumb/v7-m/nofp/libc_nano.a(libc_a-mlock.o)
                              /usr/lib/gcc/arm-none-eabi/14.2.1/../../../arm-none-eabi/lib/thumb/v7-m/nofp/libc_nano.a(libc_a-mallocr.o) (__malloc_lock)
/usr/lib/gcc/arm-none-eabi/14.2.1/../../../arm-none-eabi/lib/thumb/v7-m/nofp/libc_nano.a(libc_a-writer.o)
                              /usr/lib/gcc/arm-none-eabi/14.2.1/../../../arm-none-eabi/lib/thumb/v7-m/nofp/libc_nano.a(libc_a-stdio.o) (_write_r)
/usr/lib/gcc/arm-none-eabi/14.2.1/../../../arm-none-eabi/lib/thumb/v7-m/nofp/libc_nano.a(libc_a-impure.o)
                              /usr/lib/gcc/arm-none-eabi/14.2.1/../../../arm-none-eabi/lib/thumb/v7-m/nofp/libc_nano.a(libc_a-fflush.o) (_impure_ptr)
/usr/lib/gcc/arm-none-eabi/14.2.1/../../../arm-none-eabi/lib/thumb/v7-m/nofp/libc_nano.a(libc_a-sbrkr.o)
[...]
Memory Configuration

Name             Origin             Length             Attributes
FLASH            0x08000000         0x00008000         xr
RAM              0x20000000         0x00002800         xrw
*default*        0x00000000         0xffffffff

Linker script and memory map

LOAD /usr/lib/gcc/arm-none-eabi/14.2.1/thumb/v7-m/nofp/crti.o
LOAD /usr/lib/gcc/arm-none-eabi/14.2.1/thumb/v7-m/nofp/crtbegin.o
LOAD /usr/lib/gcc/arm-none-eabi/14.2.1/../../../arm-none-eabi/lib/thumb/v7-m/nofp/crt0.o
LOAD build/main.o
LOAD build/platform.o
LOAD build/system_stm32f1xx.o
LOAD build/stm32f1xx_hal.o
LOAD build/stm32f1xx_hal_adc.o
LOAD build/stm32f1xx_hal_adc_ex.o
LOAD build/stm32f1xx_hal_cortex.o
LOAD build/stm32f1xx_hal_dma.o
LOAD build/stm32f1xx_hal_flash.o
LOAD build/stm32f1xx_hal_flash_ex.o
LOAD build/stm32f1xx_hal_gpio.o
LOAD build/stm32f1xx_hal_pwr.o
LOAD build/stm32f1xx_hal_rcc.o
LOAD build/stm32f1xx_hal_rcc_ex.o
LOAD build/stm32f1xx_hal_tim.o
LOAD build/stm32f1xx_hal_tim_ex.o
LOAD build/stm32f1xx_hal_uart.o
LOAD build/startup_stm32f103x6.o
START GROUP
LOAD /usr/lib/gcc/arm-none-eabi/14.2.1/thumb/v7-m/nofp/libgcc.a
LOAD /usr/lib/gcc/arm-none-eabi/14.2.1/../../../arm-none-eabi/lib/thumb/v7-m/nofp/libc_nano.a
END GROUP
START GROUP
LOAD /usr/lib/gcc/arm-none-eabi/14.2.1/thumb/v7-m/nofp/libgcc.a
LOAD /usr/lib/gcc/arm-none-eabi/14.2.1/../../../arm-none-eabi/lib/thumb/v7-m/nofp/libc_nano.a
LOAD /usr/lib/gcc/arm-none-eabi/14.2.1/../../../arm-none-eabi/lib/thumb/v7-m/nofp/libnosys.a
END GROUP
START GROUP
LOAD /usr/lib/gcc/arm-none-eabi/14.2.1/thumb/v7-m/nofp/libgcc.a
LOAD /usr/lib/gcc/arm-none-eabi/14.2.1/../../../arm-none-eabi/lib/thumb/v7-m/nofp/libc_nano.a
LOAD /usr/lib/gcc/arm-none-eabi/14.2.1/../../../arm-none-eabi/lib/thumb/v7-m/nofp/libnosys.a
END GROUP
LOAD /usr/lib/gcc/arm-none-eabi/14.2.1/thumb/v7-m/nofp/crtend.o
LOAD /usr/lib/gcc/arm-none-eabi/14.2.1/thumb/v7-m/nofp/crtn.o
                0x200027ff                        _estack = 0x200027ff
                0x00000200                        _Min_Heap_Size = 0x200
                0x00000400                        _Min_Stack_Size = 0x400

.isr_vector     0x08000000      0x10c
                0x08000000                        . = ALIGN (0x4)
 *(.isr_vector)
 .isr_vector    0x08000000      0x10c build/startup_stm32f103x6.o
                0x08000000                g_pfnVectors
                0x0800010c                        . = ALIGN (0x4)

.text           0x0800010c      0xbdc
                0x0800010c                        . = ALIGN (0x4)
 *(.text)
 .text          0x0800010c       0x88 /usr/lib/gcc/arm-none-eabi/14.2.1/thumb/v7-m/nofp/crtbegin.o
 .text          0x08000194       0x9c /usr/lib/gcc/arm-none-eabi/14.2.1/../../../arm-none-eabi/lib/thumb/v7-m/nofp/libc_nano.a(libc_a-memset.o)
                0x08000194                memset
 .text          0x08000230       0x50 /usr/lib/gcc/arm-none-eabi/14.2.1/../../../arm-none-eabi/lib/thumb/v7-m/nofp/libc_nano.a(libc_a-init.o)
                0x08000230                __libc_init_array
 *(.text*)
 .text.App_SysTick_1ms
                0x08000280       0x6c build/main.o
                0x08000280                App_SysTick_1ms
 .text.startup.main
                0x080002ec       0x4c build/main.o
                0x080002ec                main
 .text.SysTick_Handler
                0x08000338        0xc build/platform.o
                0x08000338                SysTick_Handler
 .text.Platform_Init
                0x08000344       0x58 build/platform.o
                0x08000344                Platform_Init
 .text.SystemInit
                0x0800039c        0x4 build/system_stm32f1xx.o
                0x0800039c                SystemInit
 .text.HAL_MspInit
                0x080003a0        0x4 build/stm32f1xx_hal.o
                0x080003a0                HAL_MspInit
 .text.HAL_InitTick
                0x080003a4       0x48 build/stm32f1xx_hal.o
                0x080003a4                HAL_InitTick
 .text.HAL_Init
                0x080003ec       0x24 build/stm32f1xx_hal.o
                0x080003ec                HAL_Init
 .text.HAL_IncTick
                0x08000410       0x18 build/stm32f1xx_hal.o
                0x08000410                HAL_IncTick
 .text.HAL_GetTick
                0x08000428        0xc build/stm32f1xx_hal.o
                0x08000428                HAL_GetTick
 .text.HAL_NVIC_SetPriorityGrouping
                0x08000434       0x24 build/stm32f1xx_hal_cortex.o
                0x08000434                HAL_NVIC_SetPriorityGrouping
 .text.HAL_NVIC_SetPriority
                0x08000458       0x78 build/stm32f1xx_hal_cortex.o
                0x08000458                HAL_NVIC_SetPriority
 .text.HAL_SYSTICK_Config
                0x080004d0       0x30 build/stm32f1xx_hal_cortex.o
                0x080004d0                HAL_SYSTICK_Config
 .text.HAL_GPIO_Init
                0x08000500      0x1f8 build/stm32f1xx_hal_gpio.o
                0x08000500                HAL_GPIO_Init
 .text.HAL_GPIO_WritePin
                0x080006f8        0x8 build/stm32f1xx_hal_gpio.o
                0x080006f8                HAL_GPIO_WritePin
 .text.HAL_GPIO_TogglePin
                0x08000700       0x14 build/stm32f1xx_hal_gpio.o
                0x08000700                HAL_GPIO_TogglePin
 .text.HAL_RCC_OscConfig
                0x08000714      0x3e0 build/stm32f1xx_hal_rcc.o
                0x08000714                HAL_RCC_OscConfig
 .text.HAL_RCC_GetSysClockFreq
                0x08000af4       0x50 build/stm32f1xx_hal_rcc.o
                0x08000af4                HAL_RCC_GetSysClockFreq
 .text.HAL_RCC_ClockConfig
                0x08000b44      0x140 build/stm32f1xx_hal_rcc.o
                0x08000b44                HAL_RCC_ClockConfig
 .text.Reset_Handler
                0x08000c84       0x48 build/startup_stm32f103x6.o
                0x08000c84                Reset_Handler
 .text.Default_Handler
                0x08000ccc        0x2 build/startup_stm32f103x6.o
                0x08000ccc                RTC_Alarm_IRQHandler
                0x08000ccc                EXTI2_IRQHandler
                0x08000ccc                DebugMon_Handler
                0x08000ccc                TIM1_CC_IRQHandler
                0x08000ccc                HardFault_Handler
                0x08000ccc                PVD_IRQHandler
                0x08000ccc                PendSV_Handler
                0x08000ccc                NMI_Handler
                0x08000ccc                EXTI3_IRQHandler
                0x08000ccc                EXTI0_IRQHandler
                0x08000ccc                UsageFault_Handler
                0x08000ccc                ADC1_2_IRQHandler
                0x08000ccc                SPI1_IRQHandler
                0x08000ccc                TAMPER_IRQHandler
                0x08000ccc                DMA1_Channel4_IRQHandler
                0x08000ccc                RTC_IRQHandler
                0x08000ccc                DMA1_Channel7_IRQHandler
                0x08000ccc                CAN1_RX1_IRQHandler
                0x08000ccc                I2C1_EV_IRQHandler
                0x08000ccc                DMA1_Channel6_IRQHandler
                0x08000ccc                TIM3_IRQHandler
                0x08000ccc                RCC_IRQHandler
                0x08000ccc                TIM1_TRG_COM_IRQHandler
                0x08000ccc                DMA1_Channel1_IRQHandler
                0x08000ccc                Default_Handler
                0x08000ccc                EXTI15_10_IRQHandler
                0x08000ccc                EXTI9_5_IRQHandler
                0x08000ccc                MemManage_Handler
                0x08000ccc                SVC_Handler
                0x08000ccc                DMA1_Channel5_IRQHandler
                0x08000ccc                EXTI4_IRQHandler
                0x08000ccc                USB_LP_CAN1_RX0_IRQHandler
                0x08000ccc                USB_HP_CAN1_TX_IRQHandler
                0x08000ccc                DMA1_Channel3_IRQHandler
                0x08000ccc                TIM1_UP_IRQHandler
                0x08000ccc                WWDG_IRQHandler
                0x08000ccc                TIM2_IRQHandler
                0x08000ccc                TIM1_BRK_IRQHandler
                0x08000ccc                EXTI1_IRQHandler
                0x08000ccc                USART2_IRQHandler
                0x08000ccc                DMA1_Channel2_IRQHandler
                0x08000ccc                CAN1_SCE_IRQHandler
                0x08000ccc                FLASH_IRQHandler
                0x08000ccc                BusFault_Handler
                0x08000ccc                USART1_IRQHandler
                0x08000ccc                I2C1_ER_IRQHandler
                0x08000ccc                USBWakeUp_IRQHandler
 *(.glue_7)
 .glue_7        0x08000cce        0x0 linker stubs
 *(.glue_7t)
 .glue_7t       0x08000cce        0x0 linker stubs
 *(.eh_frame)
 *fill*         0x08000cce        0x2 
 .eh_frame      0x08000cd0        0x0 /usr/lib/gcc/arm-none-eabi/14.2.1/thumb/v7-m/nofp/crtbegin.o
 *(.init)
 .init          0x08000cd0        0x4 /usr/lib/gcc/arm-none-eabi/14.2.1/thumb/v7-m/nofp/crti.o
                0x08000cd0                _init
 .init          0x08000cd4        0x8 /usr/lib/gcc/arm-none-eabi/14.2.1/thumb/v7-m/nofp/crtn.o
 *(.fini)
 .fini          0x08000cdc        0x4 /usr/lib/gcc/arm-none-eabi/14.2.1/thumb/v7-m/nofp/crti.o
                0x08000cdc                _fini
 .fini          0x08000ce0        0x8 /usr/lib/gcc/arm-none-eabi/14.2.1/thumb/v7-m/nofp/crtn.o
                0x08000ce8                        . = ALIGN (0x4)
                0x08000ce8                        _etext = .

.vfp11_veneer   0x08000ce8        0x0
 .vfp11_veneer  0x08000ce8        0x0 linker stubs

.v4_bx          0x08000ce8        0x0
 .v4_bx         0x08000ce8        0x0 linker stubs

.iplt           0x08000ce8        0x0
 .iplt          0x08000ce8        0x0 /usr/lib/gcc/arm-none-eabi/14.2.1/thumb/v7-m/nofp/crtbegin.o

.rodata         0x08000ce8       0x24
                0x08000ce8                        . = ALIGN (0x4)
 *(.rodata)
 *(.rodata*)
 .rodata.AHBPrescTable
                0x08000ce8       0x10 build/system_stm32f1xx.o
                0x08000ce8                AHBPrescTable
 .rodata.aPredivFactorTable.0
                0x08000cf8        0x2 build/stm32f1xx_hal_rcc.o
 *fill*         0x08000cfa        0x2 
 .rodata.aPLLMULFactorTable.1
                0x08000cfc       0x10 build/stm32f1xx_hal_rcc.o
                0x08000d0c                        . = ALIGN (0x4)

.rel.dyn        0x08000d0c        0x0
 .rel.iplt      0x08000d0c        0x0 /usr/lib/gcc/arm-none-eabi/14.2.1/thumb/v7-m/nofp/crtbegin.o

.ARM.extab
 *(.ARM.extab* .gnu.linkonce.armextab.*)

.ARM            0x08000d0c        0x0
                0x08000d0c                        __exidx_start = .
 *(.ARM.exidx*)
                0x08000d0c                        __exidx_end = .

.preinit_array  0x08000d0c        0x0
                0x08000d0c                        PROVIDE (__preinit_array_start = .)
 *(.preinit_array*)
                0x08000d0c                        PROVIDE (__preinit_array_end = .)

.init_array     0x08000d0c        0x4
                0x08000d0c                        PROVIDE (__init_array_start = .)
 *(SORT_BY_NAME(.init_array.*))
 *(.init_array*)
 .init_array    0x08000d0c        0x4 /usr/lib/gcc/arm-none-eabi/14.2.1/thumb/v7-m/nofp/crtbegin.o
                0x08000d10                        PROVIDE (__init_array_end = .)

.fini_array     0x08000d10        0x4
                0x08000d10                        PROVIDE (__fini_array_start = .)
 *(SORT_BY_NAME(.fini_array.*))
 *(.fini_array*)
 .fini_array    0x08000d10        0x4 /usr/lib/gcc/arm-none-eabi/14.2.1/thumb/v7-m/nofp/crtbegin.o
                0x08000d14                        PROVIDE (__fini_array_end = .)
                0x08000d14                        _sidata = LOADADDR (.data)

.data           0x20000000        0xc load address 0x08000d14
                0x20000000                        . = ALIGN (0x4)
                0x20000000                        _sdata = .
 *(.data)
 *(.data*)
 .data.SystemCoreClock
                0x20000000        0x4 build/system_stm32f1xx.o
                0x20000000                SystemCoreClock
 .data.uwTickFreq
                0x20000004        0x1 build/stm32f1xx_hal.o
                0x20000004                uwTickFreq
 *fill*         0x20000005        0x3 
 .data.uwTickPrio
                0x20000008        0x4 build/stm32f1xx_hal.o
                0x20000008                uwTickPrio
                0x2000000c                        . = ALIGN (0x4)
                0x2000000c                        _edata = .

.tm_clone_table
                0x2000000c        0x0 load address 0x08000d20
 .tm_clone_table
                0x2000000c        0x0 /usr/lib/gcc/arm-none-eabi/14.2.1/thumb/v7-m/nofp/crtbegin.o
 .tm_clone_table
                0x2000000c        0x0 /usr/lib/gcc/arm-none-eabi/14.2.1/thumb/v7-m/nofp/crtend.o

.igot.plt       0x2000000c        0x0 load address 0x08000d20
 .igot.plt      0x2000000c        0x0 /usr/lib/gcc/arm-none-eabi/14.2.1/thumb/v7-m/nofp/crtbegin.o
                0x2000000c                        . = ALIGN (0x4)

.bss            0x2000000c       0x2c load address 0x08000d20
                0x2000000c                        _sbss = .
                0x2000000c                        __bss_start__ = _sbss
 *(.bss)
 .bss           0x2000000c       0x1c /usr/lib/gcc/arm-none-eabi/14.2.1/thumb/v7-m/nofp/crtbegin.o
 *(.bss*)
 .bss.led_10hz_ms.0
                0x20000028        0x4 build/main.o
 .bss.led_1hz_ms.1
                0x2000002c        0x4 build/main.o
 .bss.led_01hz_ms.2
                0x20000030        0x4 build/main.o
 .bss.uwTick    0x20000034        0x4 build/stm32f1xx_hal.o
                0x20000034                uwTick
 *(COMMON)
                0x20000038                        . = ALIGN (0x4)
                0x20000038                        _ebss = .
                0x20000038                        __bss_end__ = _ebss

._user_heap_stack
                0x20000038      0x600 load address 0x08000d20
                0x20000038                        . = ALIGN (0x8)
                0x20000038                        PROVIDE (end = .)
                [!provide]                        PROVIDE (_end = .)
                0x20000238                        . = (. + _Min_Heap_Size)
 *fill*         0x20000038      0x200 
                0x20000638                        . = (. + _Min_Stack_Size)
 *fill*         0x20000238      0x400 
                0x20000638                        . = ALIGN (0x8)

/DISCARD/
 libc.a(*)
 libm.a(*)
 libgcc.a(*)

.ARM.attributes
                0x00000000       0x29
 *(.ARM.attributes)
 .ARM.attributes
                0x00000000       0x1d /usr/lib/gcc/arm-none-eabi/14.2.1/thumb/v7-m/nofp/crti.o
 .ARM.attributes
                0x0000001d       0x2d /usr/lib/gcc/arm-none-eabi/14.2.1/thumb/v7-m/nofp/crtbegin.o
 .ARM.attributes
                0x0000004a       0x2d build/main.o
 .ARM.attributes
                0x00000077       0x2d build/platform.o
 .ARM.attributes
                0x000000a4       0x2d build/system_stm32f1xx.o
 .ARM.attributes
                0x000000d1       0x2d build/stm32f1xx_hal.o
 .ARM.attributes
                0x000000fe       0x2d build/stm32f1xx_hal_cortex.o
 .ARM.attributes
                0x0000012b       0x2d build/stm32f1xx_hal_gpio.o
 .ARM.attributes
                0x00000158       0x2d build/stm32f1xx_hal_rcc.o
 .ARM.attributes
                0x00000185       0x21 build/startup_stm32f103x6.o
 .ARM.attributes
                0x000001a6       0x2d /usr/lib/gcc/arm-none-eabi/14.2.1/../../../arm-none-eabi/lib/thumb/v7-m/nofp/libc_nano.a(libc_a-memset.o)
 .ARM.attributes
                0x000001d3       0x2d /usr/lib/gcc/arm-none-eabi/14.2.1/../../../arm-none-eabi/lib/thumb/v7-m/nofp/libc_nano.a(libc_a-init.o)
 .ARM.attributes
                0x00000200       0x2d /usr/lib/gcc/arm-none-eabi/14.2.1/thumb/v7-m/nofp/crtend.o
 .ARM.attributes
                0x0000022d       0x1d /usr/lib/gcc/arm-none-eabi/14.2.1/thumb/v7-m/nofp/crtn.o
OUTPUT(build/bai-02-systick-leds.elf elf32-littlearm)
LOAD linker stubs
LOAD /usr/lib/gcc/arm-none-eabi/14.2.1/../../../arm-none-eabi/lib/thumb/v7-m/nofp/libc.a
LOAD /usr/lib/gcc/arm-none-eabi/14.2.1/../../../arm-none-eabi/lib/thumb/v7-m/nofp/libm.a
LOAD /usr/lib/gcc/arm-none-eabi/14.2.1/thumb/v7-m/nofp/libgcc.a

.comment        0x00000000       0x26
 .comment       0x00000000       0x26 /usr/lib/gcc/arm-none-eabi/14.2.1/thumb/v7-m/nofp/crtbegin.o
                                 0x27 (size before relaxing)
 .comment       0x00000026        0x0 build/main.o
                                 0x27 (size before relaxing)
 .comment       0x00000026        0x0 build/platform.o
                                 0x27 (size before relaxing)
 .comment       0x00000026        0x0 build/system_stm32f1xx.o
                                 0x27 (size before relaxing)
 .comment       0x00000026        0x0 build/stm32f1xx_hal.o
                                 0x27 (size before relaxing)
 .comment       0x00000026        0x0 build/stm32f1xx_hal_cortex.o
                                 0x27 (size before relaxing)
 .comment       0x00000026        0x0 build/stm32f1xx_hal_gpio.o
                                 0x27 (size before relaxing)
 .comment       0x00000026        0x0 build/stm32f1xx_hal_rcc.o
                                 0x27 (size before relaxing)
 .comment       0x00000026        0x0 /usr/lib/gcc/arm-none-eabi/14.2.1/../../../arm-none-eabi/lib/thumb/v7-m/nofp/libc_nano.a(libc_a-memset.o)
                                 0x27 (size before relaxing)
 .comment       0x00000026        0x0 /usr/lib/gcc/arm-none-eabi/14.2.1/../../../arm-none-eabi/lib/thumb/v7-m/nofp/libc_nano.a(libc_a-init.o)
                                 0x27 (size before relaxing)
 .comment       0x00000026        0x0 /usr/lib/gcc/arm-none-eabi/14.2.1/thumb/v7-m/nofp/crtend.o
                                 0x27 (size before relaxing)

.debug_info     0x00000000     0x2f7c
 .debug_info    0x00000000      0x399 build/main.o
 .debug_info    0x00000399      0x355 build/platform.o
 .debug_info    0x000006ee      0x217 build/system_stm32f1xx.o
 .debug_info    0x00000905      0x7b2 build/stm32f1xx_hal.o
 .debug_info    0x000010b7      0xcc0 build/stm32f1xx_hal_cortex.o
 .debug_info    0x00001d77      0x5fa build/stm32f1xx_hal_gpio.o
 .debug_info    0x00002371      0x9cb build/stm32f1xx_hal_rcc.o
 .debug_info    0x00002d3c      0x135 /usr/lib/gcc/arm-none-eabi/14.2.1/../../../arm-none-eabi/lib/thumb/v7-m/nofp/libc_nano.a(libc_a-memset.o)
 .debug_info    0x00002e71      0x10b /usr/lib/gcc/arm-none-eabi/14.2.1/../../../arm-none-eabi/lib/thumb/v7-m/nofp/libc_nano.a(libc_a-init.o)

.debug_abbrev   0x00000000     0x1153
 .debug_abbrev  0x00000000      0x1e9 build/main.o
 .debug_abbrev  0x000001e9      0x1d3 build/platform.o
 .debug_abbrev  0x000003bc      0x146 build/system_stm32f1xx.o
 .debug_abbrev  0x00000502      0x272 build/stm32f1xx_hal.o
 .debug_abbrev  0x00000774      0x363 build/stm32f1xx_hal_cortex.o
 .debug_abbrev  0x00000ad7      0x20a build/stm32f1xx_hal_gpio.o
 .debug_abbrev  0x00000ce1      0x2f2 build/stm32f1xx_hal_rcc.o
 .debug_abbrev  0x00000fd3       0xb7 /usr/lib/gcc/arm-none-eabi/14.2.1/../../../arm-none-eabi/lib/thumb/v7-m/nofp/libc_nano.a(libc_a-memset.o)
 .debug_abbrev  0x0000108a       0xc9 /usr/lib/gcc/arm-none-eabi/14.2.1/../../../arm-none-eabi/lib/thumb/v7-m/nofp/libc_nano.a(libc_a-init.o)

.debug_aranges  0x00000000      0x318
 .debug_aranges
                0x00000000       0x28 build/main.o
 .debug_aranges
                0x00000028       0x38 build/platform.o
 .debug_aranges
                0x00000060       0x28 build/system_stm32f1xx.o
 .debug_aranges
                0x00000088       0xe0 build/stm32f1xx_hal.o
 .debug_aranges
                0x00000168       0x90 build/stm32f1xx_hal_cortex.o
 .debug_aranges
                0x000001f8       0x58 build/stm32f1xx_hal_gpio.o
 .debug_aranges
                0x00000250       0x88 build/stm32f1xx_hal_rcc.o
 .debug_aranges
                0x000002d8       0x20 /usr/lib/gcc/arm-none-eabi/14.2.1/../../../arm-none-eabi/lib/thumb/v7-m/nofp/libc_nano.a(libc_a-memset.o)
 .debug_aranges
                0x000002f8       0x20 /usr/lib/gcc/arm-none-eabi/14.2.1/../../../arm-none-eabi/lib/thumb/v7-m/nofp/libc_nano.a(libc_a-init.o)

.debug_rnglists
                0x00000000      0x316
 .debug_rnglists
                0x00000000       0x3a build/main.o
 .debug_rnglists
                0x0000003a       0x25 build/platform.o
 .debug_rnglists
                0x0000005f       0x19 build/system_stm32f1xx.o
 .debug_rnglists
                0x00000078       0xa3 build/stm32f1xx_hal.o
 .debug_rnglists
                0x0000011b       0xee build/stm32f1xx_hal_cortex.o
 .debug_rnglists
                0x00000209       0x51 build/stm32f1xx_hal_gpio.o
 .debug_rnglists
                0x0000025a       0xbc build/stm32f1xx_hal_rcc.o

.debug_macro    0x00000000    0x16086
 .debug_macro   0x00000000      0x15c build/main.o
 .debug_macro   0x0000015c      0xacc build/main.o
 .debug_macro   0x00000c28       0xa0 build/main.o
 .debug_macro   0x00000cc8       0x2e build/main.o
 .debug_macro   0x00000cf6       0x22 build/main.o
 .debug_macro   0x00000d18      0x34e build/main.o
 .debug_macro   0x00001066       0x1c build/main.o
 .debug_macro   0x00001082       0x22 build/main.o
 .debug_macro   0x000010a4       0xbd build/main.o
 .debug_macro   0x00001161      0xd23 build/main.o
 .debug_macro   0x00001e84     0xde75 build/main.o
 .debug_macro   0x0000fcf9       0x6d build/main.o
 .debug_macro   0x0000fd66     0x34a2 build/main.o
 .debug_macro   0x00013208      0x190 build/main.o
 .debug_macro   0x00013398       0x5c build/main.o
 .debug_macro   0x000133f4      0x5bc build/main.o
 .debug_macro   0x000139b0      0x1b7 build/main.o
 .debug_macro   0x00013b67      0x1cb build/main.o
 .debug_macro   0x00013d32      0x114 build/main.o
 .debug_macro   0x00013e46      0x1b2 build/main.o
 .debug_macro   0x00013ff8       0x27 build/main.o
 .debug_macro   0x0001401f      0x1bc build/main.o
 .debug_macro   0x000141db       0x34 build/main.o
 .debug_macro   0x0001420f       0x3c build/main.o
 .debug_macro   0x0001424b       0x57 build/main.o
 .debug_macro   0x000142a2      0x46a build/main.o
 .debug_macro   0x0001470c      0x1b5 build/main.o
 .debug_macro   0x000148c1       0x87 build/main.o
 .debug_macro   0x00014948      0x183 build/main.o
 .debug_macro   0x00014acb      0x140 build/main.o
 .debug_macro   0x00014c0b      0x8ed build/main.o
 .debug_macro   0x000154f8      0x28e build/main.o
 .debug_macro   0x00015786       0x69 build/main.o
 .debug_macro   0x000157ef      0x15c build/platform.o
 .debug_macro   0x0001594b      0x152 build/system_stm32f1xx.o
 .debug_macro   0x00015a9d      0x176 build/stm32f1xx_hal.o
 .debug_macro   0x00015c13      0x152 build/stm32f1xx_hal_cortex.o
 .debug_macro   0x00015d65      0x1bd build/stm32f1xx_hal_gpio.o
 .debug_macro   0x00015f22      0x164 build/stm32f1xx_hal_rcc.o

.debug_line     0x00000000     0x36e6
 .debug_line    0x00000000      0x452 build/main.o
 .debug_line    0x00000452      0x4b3 build/platform.o
 .debug_line    0x00000905      0x43c build/system_stm32f1xx.o
 .debug_line    0x00000d41      0x6f2 build/stm32f1xx_hal.o
 .debug_line    0x00001433      0x8d6 build/stm32f1xx_hal_cortex.o
 .debug_line    0x00001d09      0x7ad build/stm32f1xx_hal_gpio.o
 .debug_line    0x000024b6      0xf6f build/stm32f1xx_hal_rcc.o
 .debug_line    0x00003425      0x1a3 /usr/lib/gcc/arm-none-eabi/14.2.1/../../../arm-none-eabi/lib/thumb/v7-m/nofp/libc_nano.a(libc_a-memset.o)
 .debug_line    0x000035c8      0x11e /usr/lib/gcc/arm-none-eabi/14.2.1/../../../arm-none-eabi/lib/thumb/v7-m/nofp/libc_nano.a(libc_a-init.o)

.debug_str      0x00000000    0x859c3
 .debug_str     0x00000000    0x859c3 build/main.o
                              0x84af4 (size before relaxing)
 .debug_str     0x000859c3        0x0 build/platform.o
                              0x84b96 (size before relaxing)
 .debug_str     0x000859c3        0x0 build/system_stm32f1xx.o
                              0x84a94 (size before relaxing)
 .debug_str     0x000859c3        0x0 build/stm32f1xx_hal.o
                              0x8516d (size before relaxing)
 .debug_str     0x000859c3        0x0 build/stm32f1xx_hal_cortex.o
                              0x850a5 (size before relaxing)
 .debug_str     0x000859c3        0x0 build/stm32f1xx_hal_gpio.o
                              0x84def (size before relaxing)
 .debug_str     0x000859c3        0x0 build/stm32f1xx_hal_rcc.o
                              0x84e8e (size before relaxing)
 .debug_str     0x000859c3        0x0 /usr/lib/gcc/arm-none-eabi/14.2.1/../../../arm-none-eabi/lib/thumb/v7-m/nofp/libc_nano.a(libc_a-memset.o)
                                0x1a5 (size before relaxing)
 .debug_str     0x000859c3        0x0 /usr/lib/gcc/arm-none-eabi/14.2.1/../../../arm-none-eabi/lib/thumb/v7-m/nofp/libc_nano.a(libc_a-init.o)
                                0x1f2 (size before relaxing)

.debug_frame    0x00000000      0x6b4
 .debug_frame   0x00000000       0x4c build/main.o
 .debug_frame   0x0000004c       0x68 build/platform.o
 .debug_frame   0x000000b4       0x30 build/system_stm32f1xx.o
 .debug_frame   0x000000e4      0x1d4 build/stm32f1xx_hal.o
 .debug_frame   0x000002b8      0x128 build/stm32f1xx_hal_cortex.o
 .debug_frame   0x000003e0       0xec build/stm32f1xx_hal_gpio.o
 .debug_frame   0x000004cc      0x190 build/stm32f1xx_hal_rcc.o
 .debug_frame   0x0000065c       0x2c /usr/lib/gcc/arm-none-eabi/14.2.1/../../../arm-none-eabi/lib/thumb/v7-m/nofp/libc_nano.a(libc_a-memset.o)
 .debug_frame   0x00000688       0x2c /usr/lib/gcc/arm-none-eabi/14.2.1/../../../arm-none-eabi/lib/thumb/v7-m/nofp/libc_nano.a(libc_a-init.o)

.debug_loclists
                0x00000000      0xff4
 .debug_loclists
                0x00000000       0x9f build/system_stm32f1xx.o
 .debug_loclists
                0x0000009f       0xf4 build/stm32f1xx_hal.o
 .debug_loclists
                0x00000193      0x580 build/stm32f1xx_hal_cortex.o
 .debug_loclists
                0x00000713      0x322 build/stm32f1xx_hal_gpio.o
 .debug_loclists
                0x00000a35      0x3db build/stm32f1xx_hal_rcc.o
 .debug_loclists
                0x00000e10      0x17f /usr/lib/gcc/arm-none-eabi/14.2.1/../../../arm-none-eabi/lib/thumb/v7-m/nofp/libc_nano.a(libc_a-memset.o)
 .debug_loclists
                0x00000f8f       0x65 /usr/lib/gcc/arm-none-eabi/14.2.1/../../../arm-none-eabi/lib/thumb/v7-m/nofp/libc_nano.a(libc_a-init.o)
