Archive member included to satisfy reference by file (symbol)

/usr/lib/gcc/arm-none-eabi/14.2.1/../../../arm-none-eabi/lib/thumb/v7-m/nofp/libc_nano.a(libc_a-fini.o)
                              /usr/lib/gcc/arm-none-eabi/14.2.1/../../../arm-none-eabi/lib/thumb/v7-m/nofp/crt0.o (__libc_fini_array)
/usr/lib/gcc/arm-none-eabi/14.2.1/../../../arm-none-eabi/lib/thumb/v7-m/nofp/libc_nano.a(libc_a-memset.o)
                              /usr/lib/gcc/arm-none-eabi/14.2.1/../../../arm-none-eabi/lib/thumb/v7-m/nofp/crt0.o (memset)
/usr/lib/gcc/arm-none-eabi/14.2.1/../../../arm-none-eabi/lib/thumb/v7-m/nofp/libc_nano.a(libc_a-exit.o)
                              /usr/lib/gcc/arm-none-eabi/14.2.1/../../../arm-none-eabi/lib/thumb/v7-m/nofp/crt0.o (exit)
/usr/lib/gcc/arm-none-eabi/14.2.1/../../../arm-none-eabi/lib/thumb/v7-m/nofp/libc_nano.a(libc_a-atexit.o)
                              /usr/lib/gcc/arm-none-eabi/14.2.1/../../../arm-none-eabi/lib/thumb/v7-m/nofp/crt0.o (atexit)
/usr/lib/gcc/arm-none-eabi/14.2.1/../../../arm-none-eabi/lib/thumb/v7-m/nofp/libc_nano.a(libc_a-init.o)
                              /usr/lib/gcc/arm-none-eabi/14.2.1/../../../arm-none-eabi/lib/thumb/v7-m/nofp/crt0.o (__libc_init_array)
/usr/lib/gcc/arm-none-eabi/14.2.1/../../../arm-none-eabi/lib/thumb/v7-m/nofp/libc_nano.a(libc_a-findfp.o)
                              /usr/lib/gcc/arm-none-eabi/14.2.1/../../../arm-none-eabi/lib/thumb/v7-m/nofp/libc_nano.a(libc_a-exit.o) (__stdio_exit_handler)
/usr/lib/gcc/arm-none-eabi/14.2.1/../../../arm-none-eabi/lib/thumb/v7-m/nofp/libc_nano.a(libc_a-fflush.o)
                              /usr/lib/gcc/arm-none-eabi/14.2.1/../../../arm-none-eabi/lib/thumb/v7-m/nofp/libc_nano.a(libc_a-findfp.o) (_fflush_r)
/usr/lib/gcc/arm-none-eabi/14.2.1/../../../arm-none-eabi/lib/thumb/v7-m/nofp/libc_nano.a(libc_a-fwalk.o)
                              /usr/lib/gcc/arm-none-eabi/14.2.1/../../../arm-none-eabi/lib/thumb/v7-m/nofp/libc_nano.a(libc_a-findfp.o) (_fwalk_sglue)
/usr/lib/gcc/arm-none-eabi/14.2.1/../../../arm-none-eabi/lib/thumb/v7-m/nofp/libc_nano.a(libc_a-stdio.o)
                              /usr/lib/gcc/arm-none-eabi/14.2.1/../../../arm-none-eabi/lib/thumb/v7-m/nofp/libc_nano.a(libc_a-findfp.o) (__sread)
/usr/lib/gcc/arm-none-eabi/14.2.1/../../../arm-none-eabi/lib/thumb/v7-m/nofp/libc_nano.a(libc_a-mallocr.o)
                              /usr/lib/gcc/arm-none-eabi/14.2.1/../../../arm-none-eabi/lib/thumb/v7-m/nofp/libc_nano.a(libc_a-findfp.o) (_malloc_r)
/usr/lib/gcc/arm-none-eabi/14.2.1/../../../arm-none-eabi/lib/thumb/v7-m/nofp/libc_nano.a(libc_a-readr.o)
                              /usr/lib/gcc/arm-none-eabi/14.2.1/../../../arm-none-eabi/lib/thumb/v7-m/nofp/libc_nano.a(libc_a-stdio.o) (_read_r)
/usr/lib/gcc/arm-none-eabi/14.2.1/../../../arm-none-eabi/lib/thumb/v7-m/nofp/libc_nano.a(libc_a-freer.o)
                              /usr/lib/gcc/arm-none-eabi/14.2.1/../../../arm-none-eabi/lib/thumb/v7-m/nofp/libc_nano.a(libc_a-fflush.o) (_free_r)
/usr/lib/gcc/arm-none-eabi/14.2.1/../../../arm-none-eabi/lib/thumb/v7-m/nofp/libc_nano.a(libc_a-closer.o)
                              /usr/lib/gcc/arm-none-eabi/14.2.1/../../../arm-none-eabi/lib/thumb/v7-m/nofp/libc_nano.a(libc_a-stdio.o) (_close_r)
/usr/lib/gcc/arm-none-eabi/14.2.1/../../../arm-none-eabi/lib/thumb/v7-m/nofp/libc_nano.a(libc_a-lseekr.o)
                              /usr/lib/gcc/arm-none-eabi/14.2.1/../../../arm-none-eabi/lib/thumb/v7-m/nofp/libc_nano.a(libc_a-stdio.o) (_lseek_r)
/usr/lib/gcc/arm-none-eabi/14.2.1/../../../arm-none-eabi/lib/thumb/v7-m/nofp/libc_nano.a(libc_a-__atexit.o)
                              /usr/lib/gcc/arm-none-eabi/14.2.1/../../../arm-none-eabi/lib/thumb/v7-m/nofp/libc_nano.a(libc_a-atexit.o) (__register_exitproc)
/usr/lib/gcc/arm-none-eabi/14.2.1/../../../arm-none-eabi/lib/thumb/v7-m/nofp/libc_nano.a(libc_a-reent.o)
                              /usr/lib/gcc/arm-none-eabi/14.2.1/../../../arm-none-eabi/lib/thumb/v7-m/nofp/libc_nano.a(libc_a-readr.o) (errno)
/usr/lib/gcc/arm-none-eabi/14.2.1/../../../arm-none-eabi/lib/thumb/v7-m/nofp/libc_nano.a(libc_a-mlock.o)
                              /usr/lib/gcc/arm-none-eabi/14.2.1/../../../arm-none-eabi/lib/thumb/v7-m/nofp/libc_nano.a(libc_a-mallocr.o) (__malloc_lock)
/usr/lib/gcc/arm-none-eabi/14.2.1/../../../arm-none-eabi/lib/thumb/v7-m/nofp/libc_nano.a(libc_a-writer.o)
                              /usr/lib/gcc/arm-none-eabi/14.2.1/../../../arm-none-eabi/lib/thumb/v7-m/nofp/libc_nano.a(libc_a-stdio.o) (_write_r)
/usr/lib/gcc/arm-none-eabi/14.2.1/../../../arm-none-eabi/lib/thumb/v7-m/nofp/libc_nano.a(libc_a-impure.o)
                              /usr/lib/gcc/arm-none-eabi/14.2.1/../../../arm-none-eabi/lib/thumb/v7-m/nofp/libc_nano.a(libc_a-fflush.o) (_impure_ptr)
/usr/lib/gcc/arm-none-eabi/14.2.1/../../../arm-none-eabi/lib/thumb/v7-m/nofp/libc_nano.a(libc_a-sbrkr.o)
[...]
Memory Configuration

Name             Origin             Length             Attributes
FLASH            0x08000000         0x00008000         xr
RAM              0x20000000         0x00002800         xrw
*default*        0x00000000         0xffffffff

Linker script and memory map

LOAD /usr/lib/gcc/arm-none-eabi/14.2.1/thumb/v7-m/nofp/crti.o
LOAD /usr/lib/gcc/arm-none-eabi/14.2.1/thumb/v7-m/nofp/crtbegin.o
LOAD /usr/lib/gcc/arm-none-eabi/14.2.1/../../../arm-none-eabi/lib/thumb/v7-m/nofp/crt0.o
LOAD build/main.o
LOAD build/platform.o
LOAD build/system_stm32f1xx.o
LOAD build/stm32f1xx_hal.o
LOAD build/stm32f1xx_hal_adc.o
LOAD build/stm32f1xx_hal_adc_ex.o
LOAD build/stm32f1xx_hal_cortex.o
LOAD build/stm32f1xx_hal_dma.o
LOAD build/stm32f1xx_hal_flash.o
LOAD build/stm32f1xx_hal_flash_ex.o
LOAD build/stm32f1xx_hal_gpio.o
LOAD build/stm32f1xx_hal_pwr.o
LOAD build/stm32f1xx_hal_rcc.o
LOAD build/stm32f1xx_hal_rcc_ex.o
LOAD build/stm32f1xx_hal_tim.o
LOAD build/stm32f1xx_hal_tim_ex.o
LOAD build/stm32f1xx_hal_uart.o
LOAD build/startup_stm32f103x6.o
START GROUP
LOAD /usr/lib/gcc/arm-none-eabi/14.2.1/thumb/v7-m/nofp/libgcc.a
LOAD /usr/lib/gcc/arm-none-eabi/14.2.1/../../../arm-none-eabi/lib/thumb/v7-m/nofp/libc_nano.a
END GROUP
START GROUP
LOAD /usr/lib/gcc/arm-none-eabi/14.2.1/thumb/v7-m/nofp/libgcc.a
LOAD /usr/lib/gcc/arm-none-eabi/14.2.1/../../../arm-none-eabi/lib/thumb/v7-m/nofp/libc_nano.a
LOAD /usr/lib/gcc/arm-none-eabi/14.2.1/../../../arm-none-eabi/lib/thumb/v7-m/nofp/libnosys.a
END GROUP
START GROUP
LOAD /usr/lib/gcc/arm-none-eabi/14.2.1/thumb/v7-m/nofp/libgcc.a
LOAD /usr/lib/gcc/arm-none-eabi/14.2.1/../../../arm-none-eabi/lib/thumb/v7-m/nofp/libc_nano.a
LOAD /usr/lib/gcc/arm-none-eabi/14.2.1/../../../arm-none-eabi/lib/thumb/v7-m/nofp/libnosys.a
END GROUP
LOAD /usr/lib/gcc/arm-none-eabi/14.2.1/thumb/v7-m/nofp/crtend.o
LOAD /usr/lib/gcc/arm-none-eabi/14.2.1/thumb/v7-m/nofp/crtn.o
                0x200027ff                        _estack = 0x200027ff
                0x00000200                        _Min_Heap_Size = 0x200
                0x00000400                        _Min_Stack_Size = 0x400

.isr_vector     0x08000000      0x10c
                0x08000000                        . = ALIGN (0x4)
 *(.isr_vector)
 .isr_vector    0x08000000      0x10c build/startup_stm32f103x6.o
                0x08000000                g_pfnVectors
                0x0800010c                        . = ALIGN (0x4)

.text           0x0800010c     0x1b58
                0x0800010c                        . = ALIGN (0x4)
 *(.text)
 .text          0x0800010c       0x88 /usr/lib/gcc/arm-none-eabi/14.2.1/thumb/v7-m/nofp/crtbegin.o
 .text          0x08000194       0x9c /usr/lib/gcc/arm-none-eabi/14.2.1/../../../arm-none-eabi/lib/thumb/v7-m/nofp/libc_nano.a(libc_a-memset.o)
                0x08000194                memset
 .text          0x08000230       0x50 /usr/lib/gcc/arm-none-eabi/14.2.1/../../../arm-none-eabi/lib/thumb/v7-m/nofp/libc_nano.a(libc_a-init.o)
                0x08000230                __libc_init_array
 *(.text*)
 .text.UART_WriteU32
                0x08000280       0x58 build/main.o
 .text.StringEqualsIgnoreCase.constprop.0
                0x080002d8       0x68 build/main.o
 .text.USART1_IRQHandler
                0x08000340        0xc build/main.o
                0x08000340                USART1_IRQHandler
 .text.HAL_UART_RxCpltCallback
                0x0800034c       0x6c build/main.o
                0x0800034c                HAL_UART_RxCpltCallback
 .text.startup.main
                0x080003b8      0x3ac build/main.o
                0x080003b8                main
 .text.App_SysTick_1ms
                0x08000764        0x4 build/platform.o
                0x08000764                App_SysTick_1ms
 .text.SysTick_Handler
                0x08000768        0xc build/platform.o
                0x08000768                SysTick_Handler
 .text.Platform_Init
                0x08000774       0x58 build/platform.o
                0x08000774                Platform_Init
 .text.Error_Handler
                0x080007cc        0x4 build/platform.o
                0x080007cc                Error_Handler
 .text.SystemInit
                0x080007d0        0x4 build/system_stm32f1xx.o
                0x080007d0                SystemInit
 .text.HAL_MspInit
                0x080007d4        0x4 build/stm32f1xx_hal.o
                0x080007d4                HAL_MspInit
 .text.HAL_InitTick
                0x080007d8       0x48 build/stm32f1xx_hal.o
                0x080007d8                HAL_InitTick
 .text.HAL_Init
                0x08000820       0x24 build/stm32f1xx_hal.o
                0x08000820                HAL_Init
 .text.HAL_IncTick
                0x08000844       0x18 build/stm32f1xx_hal.o
                0x08000844                HAL_IncTick
 .text.HAL_GetTick
                0x0800085c        0xc build/stm32f1xx_hal.o
                0x0800085c                HAL_GetTick
 .text.HAL_NVIC_SetPriorityGrouping
                0x08000868       0x24 build/stm32f1xx_hal_cortex.o
                0x08000868                HAL_NVIC_SetPriorityGrouping
 .text.HAL_NVIC_SetPriority
                0x0800088c       0x78 build/stm32f1xx_hal_cortex.o
                0x0800088c                HAL_NVIC_SetPriority
 .text.HAL_NVIC_EnableIRQ
                0x08000904       0x1c build/stm32f1xx_hal_cortex.o
                0x08000904                HAL_NVIC_EnableIRQ
 .text.HAL_SYSTICK_Config
                0x08000920       0x30 build/stm32f1xx_hal_cortex.o
                0x08000920                HAL_SYSTICK_Config
 .text.HAL_DMA_Abort
                0x08000950       0x48 build/stm32f1xx_hal_dma.o
                0x08000950                HAL_DMA_Abort
 .text.HAL_DMA_Abort_IT
                0x08000998       0x94 build/stm32f1xx_hal_dma.o
                0x08000998                HAL_DMA_Abort_IT
 .text.HAL_GPIO_Init
                0x08000a2c      0x1f8 build/stm32f1xx_hal_gpio.o
                0x08000a2c                HAL_GPIO_Init
 .text.HAL_RCC_OscConfig
                0x08000c24      0x3e0 build/stm32f1xx_hal_rcc.o
                0x08000c24                HAL_RCC_OscConfig
 .text.HAL_RCC_GetSysClockFreq
                0x08001004       0x50 build/stm32f1xx_hal_rcc.o
                0x08001004                HAL_RCC_GetSysClockFreq
 .text.HAL_RCC_ClockConfig
                0x08001054      0x140 build/stm32f1xx_hal_rcc.o
                0x08001054                HAL_RCC_ClockConfig
 .text.HAL_RCC_GetPCLK1Freq
                0x08001194       0x20 build/stm32f1xx_hal_rcc.o
                0x08001194                HAL_RCC_GetPCLK1Freq
 .text.HAL_RCC_GetPCLK2Freq
                0x080011b4       0x20 build/stm32f1xx_hal_rcc.o
                0x080011b4                HAL_RCC_GetPCLK2Freq
 .text.TIM_OC1_SetConfig
                0x080011d4       0x54 build/stm32f1xx_hal_tim.o
 .text.TIM_OC3_SetConfig
                0x08001228       0x58 build/stm32f1xx_hal_tim.o
 .text.TIM_OC4_SetConfig
                0x08001280       0x4c build/stm32f1xx_hal_tim.o
 .text.HAL_TIM_OC_Start
                0x080012cc       0xa8 build/stm32f1xx_hal_tim.o
                0x080012cc                HAL_TIM_OC_Start
 .text.HAL_TIM_PWM_MspInit
                0x08001374        0x4 build/stm32f1xx_hal_tim.o
                0x08001374                HAL_TIM_PWM_MspInit
 .text.HAL_TIM_PWM_Start
                0x08001378        0x4 build/stm32f1xx_hal_tim.o
                0x08001378                HAL_TIM_PWM_Start
 .text.TIM_Base_SetConfig
                0x0800137c       0x80 build/stm32f1xx_hal_tim.o
                0x0800137c                TIM_Base_SetConfig
 .text.HAL_TIM_PWM_Init
                0x080013fc       0x5c build/stm32f1xx_hal_tim.o
                0x080013fc                HAL_TIM_PWM_Init
 .text.TIM_OC2_SetConfig
                0x08001458       0x5c build/stm32f1xx_hal_tim.o
                0x08001458                TIM_OC2_SetConfig
 .text.HAL_TIM_PWM_ConfigChannel
                0x080014b4       0xc0 build/stm32f1xx_hal_tim.o
                0x080014b4                HAL_TIM_PWM_ConfigChannel
 .text.UART_EndRxTransfer
                0x08001574       0x60 build/stm32f1xx_hal_uart.o
 .text.UART_SetConfig
                0x080015d4       0x84 build/stm32f1xx_hal_uart.o
 .text.HAL_UART_MspInit
                0x08001658        0x4 build/stm32f1xx_hal_uart.o
                0x08001658                HAL_UART_MspInit
 .text.HAL_UART_Init
                0x0800165c       0x64 build/stm32f1xx_hal_uart.o
                0x0800165c                HAL_UART_Init
 .text.HAL_UART_Transmit
                0x080016c0       0xec build/stm32f1xx_hal_uart.o
                0x080016c0                HAL_UART_Transmit
 .text.HAL_UART_Receive_IT
                0x080017ac       0x50 build/stm32f1xx_hal_uart.o
                0x080017ac                HAL_UART_Receive_IT
 .text.HAL_UART_TxCpltCallback
                0x080017fc        0x4 build/stm32f1xx_hal_uart.o
                0x080017fc                HAL_UART_TxCpltCallback
 .text.HAL_UART_ErrorCallback
                0x08001800        0x4 build/stm32f1xx_hal_uart.o
                0x08001800                HAL_UART_ErrorCallback
 .text.UART_DMAAbortOnError
                0x08001804       0x10 build/stm32f1xx_hal_uart.o
 .text.HAL_UARTEx_RxEventCallback
                0x08001814        0x4 build/stm32f1xx_hal_uart.o
                0x08001814                HAL_UARTEx_RxEventCallback
 .text.UART_Receive_IT.isra.0
                0x08001818       0xc4 build/stm32f1xx_hal_uart.o
 .text.HAL_UART_IRQHandler
                0x080018dc      0x324 build/stm32f1xx_hal_uart.o
                0x080018dc                HAL_UART_IRQHandler
 .text.Reset_Handler
                0x08001c00       0x48 build/startup_stm32f103x6.o
                0x08001c00                Reset_Handler
 .text.Default_Handler
                0x08001c48        0x2 build/startup_stm32f103x6.o
                0x08001c48                RTC_Alarm_IRQHandler
                0x08001c48                EXTI2_IRQHandler
                0x08001c48                DebugMon_Handler
                0x08001c48                TIM1_CC_IRQHandler
                0x08001c48                HardFault_Handler
                0x08001c48                PVD_IRQHandler
                0x08001c48                PendSV_Handler
                0x08001c48                NMI_Handler
                0x08001c48                EXTI3_IRQHandler
                0x08001c48                EXTI0_IRQHandler
                0x08001c48                UsageFault_Handler
                0x08001c48                ADC1_2_IRQHandler
                0x08001c48                SPI1_IRQHandler
                0x08001c48                TAMPER_IRQHandler
                0x08001c48                DMA1_Channel4_IRQHandler
                0x08001c48                RTC_IRQHandler
                0x08001c48                DMA1_Channel7_IRQHandler
                0x08001c48                CAN1_RX1_IRQHandler
                0x08001c48                I2C1_EV_IRQHandler
                0x08001c48                DMA1_Channel6_IRQHandler
                0x08001c48                TIM3_IRQHandler
                0x08001c48                RCC_IRQHandler
                0x08001c48                TIM1_TRG_COM_IRQHandler
                0x08001c48                DMA1_Channel1_IRQHandler
                0x08001c48                Default_Handler
                0x08001c48                EXTI15_10_IRQHandler
                0x08001c48                EXTI9_5_IRQHandler
                0x08001c48                MemManage_Handler
                0x08001c48                SVC_Handler
                0x08001c48                DMA1_Channel5_IRQHandler
                0x08001c48                EXTI4_IRQHandler
                0x08001c48                USB_LP_CAN1_RX0_IRQHandler
                0x08001c48                USB_HP_CAN1_TX_IRQHandler
                0x08001c48                DMA1_Channel3_IRQHandler
                0x08001c48                TIM1_UP_IRQHandler
                0x08001c48                WWDG_IRQHandler
                0x08001c48                TIM2_IRQHandler
                0x08001c48                TIM1_BRK_IRQHandler
                0x08001c48                EXTI1_IRQHandler
                0x08001c48                USART2_IRQHandler
                0x08001c48                DMA1_Channel2_IRQHandler
                0x08001c48                CAN1_SCE_IRQHandler
                0x08001c48                FLASH_IRQHandler
                0x08001c48                BusFault_Handler
                0x08001c48                I2C1_ER_IRQHandler
                0x08001c48                USBWakeUp_IRQHandler
 *(.glue_7)
 .glue_7        0x08001c4a        0x0 linker stubs
 *(.glue_7t)
 .glue_7t       0x08001c4a        0x0 linker stubs
 *(.eh_frame)
 *fill*         0x08001c4a        0x2 
 .eh_frame      0x08001c4c        0x0 /usr/lib/gcc/arm-none-eabi/14.2.1/thumb/v7-m/nofp/crtbegin.o
 *(.init)
 .init          0x08001c4c        0x4 /usr/lib/gcc/arm-none-eabi/14.2.1/thumb/v7-m/nofp/crti.o
                0x08001c4c                _init
 .init          0x08001c50        0x8 /usr/lib/gcc/arm-none-eabi/14.2.1/thumb/v7-m/nofp/crtn.o
 *(.fini)
 .fini          0x08001c58        0x4 /usr/lib/gcc/arm-none-eabi/14.2.1/thumb/v7-m/nofp/crti.o
                0x08001c58                _fini
 .fini          0x08001c5c        0x8 /usr/lib/gcc/arm-none-eabi/14.2.1/thumb/v7-m/nofp/crtn.o
                0x08001c64                        . = ALIGN (0x4)
                0x08001c64                        _etext = .

.vfp11_veneer   0x08001c64        0x0
 .vfp11_veneer  0x08001c64        0x0 linker stubs

.v4_bx          0x08001c64        0x0
 .v4_bx         0x08001c64        0x0 linker stubs

.iplt           0x08001c64        0x0
 .iplt          0x08001c64        0x0 /usr/lib/gcc/arm-none-eabi/14.2.1/thumb/v7-m/nofp/crtbegin.o

.rodata         0x08001c64       0xb0
                0x08001c64                        . = ALIGN (0x4)
 *(.rodata)
 *(.rodata*)
 .rodata.main.str1.4
                0x08001c64       0x83 build/main.o
 *fill*         0x08001ce7        0x1 
 .rodata.APBPrescTable
                0x08001ce8        0x8 build/system_stm32f1xx.o
                0x08001ce8                APBPrescTable
 .rodata.AHBPrescTable
                0x08001cf0       0x10 build/system_stm32f1xx.o
                0x08001cf0                AHBPrescTable
 .rodata.aPredivFactorTable.0
                0x08001d00        0x2 build/stm32f1xx_hal_rcc.o
 *fill*         0x08001d02        0x2 
 .rodata.aPLLMULFactorTable.1
                0x08001d04       0x10 build/stm32f1xx_hal_rcc.o
                0x08001d14                        . = ALIGN (0x4)

.rel.dyn        0x08001d14        0x0
 .rel.iplt      0x08001d14        0x0 /usr/lib/gcc/arm-none-eabi/14.2.1/thumb/v7-m/nofp/crtbegin.o

.ARM.extab
 *(.ARM.extab* .gnu.linkonce.armextab.*)

.ARM            0x08001d14        0x0
                0x08001d14                        __exidx_start = .
 *(.ARM.exidx*)
                0x08001d14                        __exidx_end = .

.preinit_array  0x08001d14        0x0
                0x08001d14                        PROVIDE (__preinit_array_start = .)
 *(.preinit_array*)
                0x08001d14                        PROVIDE (__preinit_array_end = .)

.init_array     0x08001d14        0x4
                0x08001d14                        PROVIDE (__init_array_start = .)
 *(SORT_BY_NAME(.init_array.*))
 *(.init_array*)
 .init_array    0x08001d14        0x4 /usr/lib/gcc/arm-none-eabi/14.2.1/thumb/v7-m/nofp/crtbegin.o
                0x08001d18                        PROVIDE (__init_array_end = .)

.fini_array     0x08001d18        0x4
                0x08001d18                        PROVIDE (__fini_array_start = .)
 *(SORT_BY_NAME(.fini_array.*))
 *(.fini_array*)
 .fini_array    0x08001d18        0x4 /usr/lib/gcc/arm-none-eabi/14.2.1/thumb/v7-m/nofp/crtbegin.o
                0x08001d1c                        PROVIDE (__fini_array_end = .)
                0x08001d1c                        _sidata = LOADADDR (.data)

.data           0x20000000       0x10 load address 0x08001d1c
                0x20000000                        . = ALIGN (0x4)
                0x20000000                        _sdata = .
 *(.data)
 *(.data*)
 .data.pwm_percent
                0x20000000        0x4 build/main.o
 .data.SystemCoreClock
                0x20000004        0x4 build/system_stm32f1xx.o
                0x20000004                SystemCoreClock
 .data.uwTickFreq
                0x20000008        0x1 build/stm32f1xx_hal.o
                0x20000008                uwTickFreq
 *fill*         0x20000009        0x3 
 .data.uwTickPrio
                0x2000000c        0x4 build/stm32f1xx_hal.o
                0x2000000c                uwTickPrio
                0x20000010                        . = ALIGN (0x4)
                0x20000010                        _edata = .

.tm_clone_table
                0x20000010        0x0 load address 0x08001d2c
 .tm_clone_table
                0x20000010        0x0 /usr/lib/gcc/arm-none-eabi/14.2.1/thumb/v7-m/nofp/crtbegin.o
 .tm_clone_table
                0x20000010        0x0 /usr/lib/gcc/arm-none-eabi/14.2.1/thumb/v7-m/nofp/crtend.o

.igot.plt       0x20000010        0x0 load address 0x08001d2c
 .igot.plt      0x20000010        0x0 /usr/lib/gcc/arm-none-eabi/14.2.1/thumb/v7-m/nofp/crtbegin.o
                0x20000010                        . = ALIGN (0x4)

.bss            0x20000010       0xe4 load address 0x08001d2c
                0x20000010                        _sbss = .
                0x20000010                        __bss_start__ = _sbss
 *(.bss)
 .bss           0x20000010       0x1c /usr/lib/gcc/arm-none-eabi/14.2.1/thumb/v7-m/nofp/crtbegin.o
 *(.bss*)
 .bss.led_enabled
                0x2000002c        0x4 build/main.o
 .bss.command_ready
                0x20000030        0x4 build/main.o
 .bss.command_length
                0x20000034        0x4 build/main.o
 .bss.command_buffer
                0x20000038       0x20 build/main.o
 .bss.received_byte
                0x20000058        0x1 build/main.o
 *fill*         0x20000059        0x7 
 .bss.huart1    0x20000060       0x48 build/main.o
 .bss.htim2     0x200000a8       0x48 build/main.o
 .bss.uwTick    0x200000f0        0x4 build/stm32f1xx_hal.o
                0x200000f0                uwTick
 *(COMMON)
                0x200000f4                        . = ALIGN (0x4)
                0x200000f4                        _ebss = .
                0x200000f4                        __bss_end__ = _ebss

._user_heap_stack
                0x200000f4      0x604 load address 0x08001d2c
                0x200000f8                        . = ALIGN (0x8)
 *fill*         0x200000f4        0x4 
                0x200000f8                        PROVIDE (end = .)
                [!provide]                        PROVIDE (_end = .)
                0x200002f8                        . = (. + _Min_Heap_Size)
 *fill*         0x200000f8      0x200 
                0x200006f8                        . = (. + _Min_Stack_Size)
 *fill*         0x200002f8      0x400 
                0x200006f8                        . = ALIGN (0x8)

/DISCARD/
 libc.a(*)
 libm.a(*)
 libgcc.a(*)

.ARM.attributes
                0x00000000       0x29
 *(.ARM.attributes)
 .ARM.attributes
                0x00000000       0x1d /usr/lib/gcc/arm-none-eabi/14.2.1/thumb/v7-m/nofp/crti.o
 .ARM.attributes
                0x0000001d       0x2d /usr/lib/gcc/arm-none-eabi/14.2.1/thumb/v7-m/nofp/crtbegin.o
 .ARM.attributes
                0x0000004a       0x2d build/main.o
 .ARM.attributes
                0x00000077       0x2d build/platform.o
 .ARM.attributes
                0x000000a4       0x2d build/system_stm32f1xx.o
 .ARM.attributes
                0x000000d1       0x2d build/stm32f1xx_hal.o
 .ARM.attributes
                0x000000fe       0x2d build/stm32f1xx_hal_cortex.o
 .ARM.attributes
                0x0000012b       0x2d build/stm32f1xx_hal_dma.o
 .ARM.attributes
                0x00000158       0x2d build/stm32f1xx_hal_gpio.o
 .ARM.attributes
                0x00000185       0x2d build/stm32f1xx_hal_rcc.o
 .ARM.attributes
                0x000001b2       0x2d build/stm32f1xx_hal_tim.o
 .ARM.attributes
                0x000001df       0x2d build/stm32f1xx_hal_uart.o
 .ARM.attributes
                0x0000020c       0x21 build/startup_stm32f103x6.o
 .ARM.attributes
                0x0000022d       0x2d /usr/lib/gcc/arm-none-eabi/14.2.1/../../../arm-none-eabi/lib/thumb/v7-m/nofp/libc_nano.a(libc_a-memset.o)
 .ARM.attributes
                0x0000025a       0x2d /usr/lib/gcc/arm-none-eabi/14.2.1/../../../arm-none-eabi/lib/thumb/v7-m/nofp/libc_nano.a(libc_a-init.o)
 .ARM.attributes
                0x00000287       0x2d /usr/lib/gcc/arm-none-eabi/14.2.1/thumb/v7-m/nofp/crtend.o
 .ARM.attributes
                0x000002b4       0x1d /usr/lib/gcc/arm-none-eabi/14.2.1/thumb/v7-m/nofp/crtn.o
OUTPUT(build/B5.elf elf32-littlearm)
LOAD linker stubs
LOAD /usr/lib/gcc/arm-none-eabi/14.2.1/../../../arm-none-eabi/lib/thumb/v7-m/nofp/libc.a
LOAD /usr/lib/gcc/arm-none-eabi/14.2.1/../../../arm-none-eabi/lib/thumb/v7-m/nofp/libm.a
LOAD /usr/lib/gcc/arm-none-eabi/14.2.1/thumb/v7-m/nofp/libgcc.a

.comment        0x00000000       0x26
 .comment       0x00000000       0x26 /usr/lib/gcc/arm-none-eabi/14.2.1/thumb/v7-m/nofp/crtbegin.o
                                 0x27 (size before relaxing)
 .comment       0x00000026        0x0 build/main.o
                                 0x27 (size before relaxing)
 .comment       0x00000026        0x0 build/platform.o
                                 0x27 (size before relaxing)
 .comment       0x00000026        0x0 build/system_stm32f1xx.o
                                 0x27 (size before relaxing)
 .comment       0x00000026        0x0 build/stm32f1xx_hal.o
                                 0x27 (size before relaxing)
 .comment       0x00000026        0x0 build/stm32f1xx_hal_cortex.o
                                 0x27 (size before relaxing)
 .comment       0x00000026        0x0 build/stm32f1xx_hal_dma.o
                                 0x27 (size before relaxing)
 .comment       0x00000026        0x0 build/stm32f1xx_hal_gpio.o
                                 0x27 (size before relaxing)
 .comment       0x00000026        0x0 build/stm32f1xx_hal_rcc.o
                                 0x27 (size before relaxing)
 .comment       0x00000026        0x0 build/stm32f1xx_hal_tim.o
                                 0x27 (size before relaxing)
 .comment       0x00000026        0x0 build/stm32f1xx_hal_uart.o
                                 0x27 (size before relaxing)
 .comment       0x00000026        0x0 /usr/lib/gcc/arm-none-eabi/14.2.1/../../../arm-none-eabi/lib/thumb/v7-m/nofp/libc_nano.a(libc_a-memset.o)
                                 0x27 (size before relaxing)
 .comment       0x00000026        0x0 /usr/lib/gcc/arm-none-eabi/14.2.1/../../../arm-none-eabi/lib/thumb/v7-m/nofp/libc_nano.a(libc_a-init.o)
                                 0x27 (size before relaxing)
 .comment       0x00000026        0x0 /usr/lib/gcc/arm-none-eabi/14.2.1/thumb/v7-m/nofp/crtend.o
                                 0x27 (size before relaxing)

.debug_info     0x00000000     0xd238
 .debug_info    0x00000000     0x1718 build/main.o
 .debug_info    0x00001718      0x355 build/platform.o
 .debug_info    0x00001a6d      0x217 build/system_stm32f1xx.o
 .debug_info    0x00001c84      0x7b2 build/stm32f1xx_hal.o
 .debug_info    0x00002436      0xcc0 build/stm32f1xx_hal_cortex.o
 .debug_info    0x000030f6      0x7ef build/stm32f1xx_hal_dma.o
 .debug_info    0x000038e5      0x5fa build/stm32f1xx_hal_gpio.o
 .debug_info    0x00003edf      0x9cb build/stm32f1xx_hal_rcc.o
 .debug_info    0x000048aa     0x46f5 build/stm32f1xx_hal_tim.o
 .debug_info    0x00008f9f     0x4059 build/stm32f1xx_hal_uart.o
 .debug_info    0x0000cff8      0x135 /usr/lib/gcc/arm-none-eabi/14.2.1/../../../arm-none-eabi/lib/thumb/v7-m/nofp/libc_nano.a(libc_a-memset.o)
 .debug_info    0x0000d12d      0x10b /usr/lib/gcc/arm-none-eabi/14.2.1/../../../arm-none-eabi/lib/thumb/v7-m/nofp/libc_nano.a(libc_a-init.o)

.debug_abbrev   0x00000000     0x1d43
 .debug_abbrev  0x00000000      0x3bb build/main.o
 .debug_abbrev  0x000003bb      0x1d3 build/platform.o
 .debug_abbrev  0x0000058e      0x146 build/system_stm32f1xx.o
 .debug_abbrev  0x000006d4      0x272 build/stm32f1xx_hal.o
 .debug_abbrev  0x00000946      0x363 build/stm32f1xx_hal_cortex.o
 .debug_abbrev  0x00000ca9      0x26a build/stm32f1xx_hal_dma.o
 .debug_abbrev  0x00000f13      0x20a build/stm32f1xx_hal_gpio.o
 .debug_abbrev  0x0000111d      0x2f2 build/stm32f1xx_hal_rcc.o
 .debug_abbrev  0x0000140f      0x395 build/stm32f1xx_hal_tim.o
 .debug_abbrev  0x000017a4      0x41f build/stm32f1xx_hal_uart.o
 .debug_abbrev  0x00001bc3       0xb7 /usr/lib/gcc/arm-none-eabi/14.2.1/../../../arm-none-eabi/lib/thumb/v7-m/nofp/libc_nano.a(libc_a-memset.o)
 .debug_abbrev  0x00001c7a       0xc9 /usr/lib/gcc/arm-none-eabi/14.2.1/../../../arm-none-eabi/lib/thumb/v7-m/nofp/libc_nano.a(libc_a-init.o)

.debug_loclists
                0x00000000     0x86b7
 .debug_loclists
                0x00000000      0x50c build/main.o
 .debug_loclists
                0x0000050c       0x9f build/system_stm32f1xx.o
 .debug_loclists
                0x000005ab       0xf4 build/stm32f1xx_hal.o
 .debug_loclists
                0x0000069f      0x580 build/stm32f1xx_hal_cortex.o
 .debug_loclists
                0x00000c1f      0x645 build/stm32f1xx_hal_dma.o
 .debug_loclists
                0x00001264      0x322 build/stm32f1xx_hal_gpio.o
 .debug_loclists
                0x00001586      0x3db build/stm32f1xx_hal_rcc.o
 .debug_loclists
                0x00001961     0x3e98 build/stm32f1xx_hal_tim.o
 .debug_loclists
                0x000057f9     0x2cda build/stm32f1xx_hal_uart.o
 .debug_loclists
                0x000084d3      0x17f /usr/lib/gcc/arm-none-eabi/14.2.1/../../../arm-none-eabi/lib/thumb/v7-m/nofp/libc_nano.a(libc_a-memset.o)
 .debug_loclists
                0x00008652       0x65 /usr/lib/gcc/arm-none-eabi/14.2.1/../../../arm-none-eabi/lib/thumb/v7-m/nofp/libc_nano.a(libc_a-init.o)

.debug_aranges  0x00000000      0x930
 .debug_aranges
                0x00000000       0x40 build/main.o
 .debug_aranges
                0x00000040       0x38 build/platform.o
 .debug_aranges
                0x00000078       0x28 build/system_stm32f1xx.o
 .debug_aranges
                0x000000a0       0xe0 build/stm32f1xx_hal.o
 .debug_aranges
                0x00000180       0x90 build/stm32f1xx_hal_cortex.o
 .debug_aranges
                0x00000210       0x78 build/stm32f1xx_hal_dma.o
 .debug_aranges
                0x00000288       0x58 build/stm32f1xx_hal_gpio.o
 .debug_aranges
                0x000002e0       0x88 build/stm32f1xx_hal_rcc.o
 .debug_aranges
                0x00000368      0x3a0 build/stm32f1xx_hal_tim.o
 .debug_aranges
                0x00000708      0x1e8 build/stm32f1xx_hal_uart.o
 .debug_aranges
                0x000008f0       0x20 /usr/lib/gcc/arm-none-eabi/14.2.1/../../../arm-none-eabi/lib/thumb/v7-m/nofp/libc_nano.a(libc_a-memset.o)
 .debug_aranges
                0x00000910       0x20 /usr/lib/gcc/arm-none-eabi/14.2.1/../../../arm-none-eabi/lib/thumb/v7-m/nofp/libc_nano.a(libc_a-init.o)

.debug_rnglists
                0x00000000      0xb99
 .debug_rnglists
                0x00000000      0x102 build/main.o
 .debug_rnglists
                0x00000102       0x25 build/platform.o
 .debug_rnglists
                0x00000127       0x19 build/system_stm32f1xx.o
 .debug_rnglists
                0x00000140       0xa3 build/stm32f1xx_hal.o
 .debug_rnglists
                0x000001e3       0xee build/stm32f1xx_hal_cortex.o
 .debug_rnglists
                0x000002d1       0x7d build/stm32f1xx_hal_dma.o
 .debug_rnglists
                0x0000034e       0x51 build/stm32f1xx_hal_gpio.o
 .debug_rnglists
                0x0000039f       0xbc build/stm32f1xx_hal_rcc.o
 .debug_rnglists
                0x0000045b      0x4ef build/stm32f1xx_hal_tim.o
 .debug_rnglists
                0x0000094a      0x24f build/stm32f1xx_hal_uart.o

.debug_macro    0x00000000    0x16484
 .debug_macro   0x00000000      0x162 build/main.o
 .debug_macro   0x00000162      0xacc build/main.o
 .debug_macro   0x00000c2e       0xa0 build/main.o
 .debug_macro   0x00000cce       0x2e build/main.o
 .debug_macro   0x00000cfc       0x22 build/main.o
 .debug_macro   0x00000d1e      0x34e build/main.o
 .debug_macro   0x0000106c       0x1c build/main.o
 .debug_macro   0x00001088       0x22 build/main.o
 .debug_macro   0x000010aa       0xbd build/main.o
 .debug_macro   0x00001167      0xd23 build/main.o
 .debug_macro   0x00001e8a     0xde75 build/main.o
 .debug_macro   0x0000fcff       0x6d build/main.o
 .debug_macro   0x0000fd6c     0x34a2 build/main.o
 .debug_macro   0x0001320e      0x190 build/main.o
 .debug_macro   0x0001339e       0x5c build/main.o
 .debug_macro   0x000133fa      0x5bc build/main.o
 .debug_macro   0x000139b6      0x1b7 build/main.o
 .debug_macro   0x00013b6d      0x1cb build/main.o
 .debug_macro   0x00013d38      0x114 build/main.o
 .debug_macro   0x00013e4c      0x1b2 build/main.o
 .debug_macro   0x00013ffe       0x27 build/main.o
 .debug_macro   0x00014025      0x1bc build/main.o
 .debug_macro   0x000141e1       0x34 build/main.o
 .debug_macro   0x00014215       0x3c build/main.o
 .debug_macro   0x00014251       0x57 build/main.o
 .debug_macro   0x000142a8      0x46a build/main.o
 .debug_macro   0x00014712      0x1b5 build/main.o
 .debug_macro   0x000148c7       0x87 build/main.o
 .debug_macro   0x0001494e      0x183 build/main.o
 .debug_macro   0x00014ad1      0x140 build/main.o
 .debug_macro   0x00014c11      0x8ed build/main.o
 .debug_macro   0x000154fe      0x28e build/main.o
 .debug_macro   0x0001578c       0x69 build/main.o
 .debug_macro   0x000157f5      0x15c build/platform.o
 .debug_macro   0x00015951      0x152 build/system_stm32f1xx.o
 .debug_macro   0x00015aa3      0x176 build/stm32f1xx_hal.o
 .debug_macro   0x00015c19      0x152 build/stm32f1xx_hal_cortex.o
 .debug_macro   0x00015d6b      0x152 build/stm32f1xx_hal_dma.o
 .debug_macro   0x00015ebd      0x1bd build/stm32f1xx_hal_gpio.o
 .debug_macro   0x0001607a      0x164 build/stm32f1xx_hal_rcc.o
 .debug_macro   0x000161de      0x153 build/stm32f1xx_hal_tim.o
 .debug_macro   0x00016331      0x153 build/stm32f1xx_hal_uart.o

.debug_line     0x00000000     0xd4e5
 .debug_line    0x00000000      0xa49 build/main.o
 .debug_line    0x00000a49      0x4b3 build/platform.o
 .debug_line    0x00000efc      0x43c build/system_stm32f1xx.o
 .debug_line    0x00001338      0x6f2 build/stm32f1xx_hal.o
 .debug_line    0x00001a2a      0x8d6 build/stm32f1xx_hal_cortex.o
 .debug_line    0x00002300      0xe4a build/stm32f1xx_hal_dma.o
 .debug_line    0x0000314a      0x7ad build/stm32f1xx_hal_gpio.o
 .debug_line    0x000038f7      0xf6f build/stm32f1xx_hal_rcc.o
 .debug_line    0x00004866     0x4f0e build/stm32f1xx_hal_tim.o
 .debug_line    0x00009774     0x3ab0 build/stm32f1xx_hal_uart.o
 .debug_line    0x0000d224      0x1a3 /usr/lib/gcc/arm-none-eabi/14.2.1/../../../arm-none-eabi/lib/thumb/v7-m/nofp/libc_nano.a(libc_a-memset.o)
 .debug_line    0x0000d3c7      0x11e /usr/lib/gcc/arm-none-eabi/14.2.1/../../../arm-none-eabi/lib/thumb/v7-m/nofp/libc_nano.a(libc_a-init.o)

.debug_str      0x00000000    0x8780a
 .debug_str     0x00000000    0x8780a build/main.o
                              0x8569b (size before relaxing)
 .debug_str     0x0008780a        0x0 build/platform.o
                              0x84b96 (size before relaxing)
 .debug_str     0x0008780a        0x0 build/system_stm32f1xx.o
                              0x84a94 (size before relaxing)
 .debug_str     0x0008780a        0x0 build/stm32f1xx_hal.o
                              0x8516d (size before relaxing)
 .debug_str     0x0008780a        0x0 build/stm32f1xx_hal_cortex.o
                              0x850a5 (size before relaxing)
 .debug_str     0x0008780a        0x0 build/stm32f1xx_hal_dma.o
                              0x84e1d (size before relaxing)
 .debug_str     0x0008780a        0x0 build/stm32f1xx_hal_gpio.o
                              0x84def (size before relaxing)
 .debug_str     0x0008780a        0x0 build/stm32f1xx_hal_rcc.o
                              0x84e8e (size before relaxing)
 .debug_str     0x0008780a        0x0 build/stm32f1xx_hal_tim.o
                              0x85e9a (size before relaxing)
 .debug_str     0x0008780a        0x0 build/stm32f1xx_hal_uart.o
                              0x854ff (size before relaxing)
 .debug_str     0x0008780a        0x0 /usr/lib/gcc/arm-none-eabi/14.2.1/../../../arm-none-eabi/lib/thumb/v7-m/nofp/libc_nano.a(libc_a-memset.o)
                                0x1a5 (size before relaxing)
 .debug_str     0x0008780a        0x0 /usr/lib/gcc/arm-none-eabi/14.2.1/../../../arm-none-eabi/lib/thumb/v7-m/nofp/libc_nano.a(libc_a-init.o)
                                0x1f2 (size before relaxing)

.debug_frame    0x00000000     0x1914
 .debug_frame   0x00000000       0x9c build/main.o
 .debug_frame   0x0000009c       0x68 build/platform.o
 .debug_frame   0x00000104       0x30 build/system_stm32f1xx.o
 .debug_frame   0x00000134      0x1d4 build/stm32f1xx_hal.o
 .debug_frame   0x00000308      0x128 build/stm32f1xx_hal_cortex.o
 .debug_frame   0x00000430      0x178 build/stm32f1xx_hal_dma.o
 .debug_frame   0x000005a8       0xec build/stm32f1xx_hal_gpio.o
 .debug_frame   0x00000694      0x190 build/stm32f1xx_hal_rcc.o
 .debug_frame   0x00000824      0xac0 build/stm32f1xx_hal_tim.o
 .debug_frame   0x000012e4      0x5d8 build/stm32f1xx_hal_uart.o
 .debug_frame   0x000018bc       0x2c /usr/lib/gcc/arm-none-eabi/14.2.1/../../../arm-none-eabi/lib/thumb/v7-m/nofp/libc_nano.a(libc_a-memset.o)
 .debug_frame   0x000018e8       0x2c /usr/lib/gcc/arm-none-eabi/14.2.1/../../../arm-none-eabi/lib/thumb/v7-m/nofp/libc_nano.a(libc_a-init.o)
